2025-06-05 22:14:09 - QuestionGeneration - INFO - [logger_config.py:59] - ================================================================================
2025-06-05 22:14:09 - QuestionGeneration - INFO - [logger_config.py:60] - QUESTION GENERATION SESSION STARTED
2025-06-05 22:14:09 - QuestionGeneration - INFO - [logger_config.py:61] - Log file: logs/question_generation_2025-06-05_22-14-09.log
2025-06-05 22:14:09 - QuestionGeneration - INFO - [logger_config.py:62] - ================================================================================
2025-06-05 22:14:09 - QuestionGeneration - INFO - [main.py:30] - Initialized - Difficulty: 2, Mock: False
2025-06-05 22:14:09 - QuestionGeneration - INFO - [main.py:37] - ================================================================================
2025-06-05 22:14:09 - QuestionGeneration - INFO - [main.py:38] - PAPER GENERATION SESSION STARTED
2025-06-05 22:14:09 - QuestionGeneration - INFO - [main.py:39] - ================================================================================
2025-06-05 22:14:09 - QuestionGeneration - INFO - [main.py:43] - Starting GMAT paper generation - Difficulty: 2
2025-06-05 22:20:35 - QuestionGeneration - INFO - [main.py:52] - GMAT paper saved successfully: papers/GMAT/GMAT_paper-05-06-22-20-difficulty-2.json
2025-06-05 22:20:37 - QuestionGeneration - INFO - [main.py:59] - GMAT questions registered in database successfully
2025-06-05 22:20:37 - QuestionGeneration - INFO - [main.py:65] - GMAT paper generation completed successfully
2025-06-05 22:20:37 - QuestionGeneration - INFO - [main.py:71] - Sleeping for 60 seconds for API rate limit reset
2025-06-05 22:21:37 - QuestionGeneration - INFO - [main.py:76] - Starting GRE paper generation - Difficulty: 2
2025-06-05 22:23:19 - QuestionGeneration - WARNING - [Mock.py:153] - Error type: TypeError
2025-06-05 22:23:19 - QuestionGeneration - WARNING - [Mock.py:155] - Error message: cannot unpack non-iterable NoneType object
2025-06-05 22:23:19 - QuestionGeneration - WARNING - [Mock.py:157] - Generator class: SimpleQuestionGeneration
2025-06-05 22:23:42 - QuestionGeneration - WARNING - [Mock.py:153] - Error type: TypeError
2025-06-05 22:23:42 - QuestionGeneration - WARNING - [Mock.py:155] - Error message: cannot unpack non-iterable NoneType object
2025-06-05 22:23:42 - QuestionGeneration - WARNING - [Mock.py:157] - Generator class: SimpleQuestionGeneration
2025-06-05 22:25:13 - QuestionGeneration - WARNING - [Mock.py:153] - Error type: KeyError
2025-06-05 22:25:13 - QuestionGeneration - WARNING - [Mock.py:155] - Error message: 'A'
2025-06-05 22:25:13 - QuestionGeneration - WARNING - [Mock.py:157] - Generator class: SimpleQuestionGeneration
2025-06-05 22:25:53 - QuestionGeneration - WARNING - [Mock.py:153] - Error type: KeyError
2025-06-05 22:25:53 - QuestionGeneration - WARNING - [Mock.py:155] - Error message: 'F'
2025-06-05 22:25:53 - QuestionGeneration - WARNING - [Mock.py:157] - Generator class: SimpleQuestionGeneration
2025-06-05 22:26:05 - QuestionGeneration - WARNING - [Mock.py:153] - Error type: TypeError
2025-06-05 22:26:05 - QuestionGeneration - WARNING - [Mock.py:155] - Error message: cannot unpack non-iterable NoneType object
2025-06-05 22:26:05 - QuestionGeneration - WARNING - [Mock.py:157] - Generator class: ParentChildQuestionGeneration
2025-06-05 22:28:39 - QuestionGeneration - INFO - [main.py:85] - GRE paper saved successfully: papers/GRE/GRE_paper-05-06-22-28-difficulty-2.json
2025-06-05 22:28:40 - QuestionGeneration - INFO - [main.py:92] - GRE questions registered in database successfully
2025-06-05 22:28:40 - QuestionGeneration - INFO - [main.py:98] - GRE paper generation completed successfully
2025-06-05 22:28:40 - QuestionGeneration - INFO - [main.py:112] - Updated difficulty to 3, mock: False
2025-06-05 22:28:40 - QuestionGeneration - INFO - [main.py:118] - ================================================================================
2025-06-05 22:28:40 - QuestionGeneration - INFO - [main.py:119] - PAPER GENERATION SESSION SUMMARY
2025-06-05 22:28:40 - QuestionGeneration - INFO - [main.py:120] - GMAT Paper: SUCCESS
2025-06-05 22:28:40 - QuestionGeneration - INFO - [main.py:121] - GRE Paper: SUCCESS
2025-06-05 22:28:40 - QuestionGeneration - INFO - [main.py:122] - Total Time: 870.60 seconds
2025-06-05 22:28:40 - QuestionGeneration - INFO - [main.py:123] - ================================================================================
