=== Question Generation Session Started ===
Log file: logs/question_generation_2025-06-25_23-30-48.log
Timestamp: 2025-06-25 23:30:48
================================================================================
Primary user already exists
Initialized - Difficulty: 5, Mock: False
================================================================================
PAPER GENERATION SESSION STARTED
================================================================================
Starting GMAT paper generation - Difficulty: 5
Traceback (most recent call last):
  File "/Users/tanmaykumar/Desktop/QGen-py-compex/GMAT/Mock.py", line 187, in generate
    manager.add_task(create_task, method, section, prompt, gen_class)
  File "/Users/tanmaykumar/Desktop/QGen-py-compex/core/threading/api_thread_pool_manager.py", line 123, in add_task
    self._add_task_internal(task)
  File "/Users/tanmaykumar/Desktop/QGen-py-compex/core/threading/api_thread_pool_manager.py", line 133, in _add_task_internal
    self._wait_and_reuse_slot(task)
  File "/Users/tanmaykumar/Desktop/QGen-py-compex/core/threading/api_thread_pool_manager.py", line 156, in _wait_and_reuse_slot
    time.sleep(self.config.task_completion_check_interval)
KeyboardInterrupt

During handling of the above exception, another exception occurred:

Traceback (most recent call last):
  File "/Users/tanmaykumar/Desktop/QGen-py-compex/main.py", line 131, in <module>
    main.generate_paper()
  File "/Users/tanmaykumar/Desktop/QGen-py-compex/main.py", line 44, in generate_paper
    GMAT_paper = gmat_mock.generate(8)
                 ^^^^^^^^^^^^^^^^^^^^^
  File "/Users/tanmaykumar/Desktop/QGen-py-compex/GMAT/Mock.py", line 154, in generate
    with APIThreadPoolManager(config, paper) as manager:
  File "/Users/tanmaykumar/Desktop/QGen-py-compex/core/threading/api_thread_pool_manager.py", line 339, in __exit__
    self.shutdown(wait=True)
  File "/Users/tanmaykumar/Desktop/QGen-py-compex/core/threading/api_thread_pool_manager.py", line 299, in shutdown
    self.executor.shutdown(wait=True)
  File "/Library/Frameworks/Python.framework/Versions/3.11/lib/python3.11/concurrent/futures/thread.py", line 235, in shutdown
    t.join()
  File "/Library/Frameworks/Python.framework/Versions/3.11/lib/python3.11/threading.py", line 1112, in join
    self._wait_for_tstate_lock()
  File "/Library/Frameworks/Python.framework/Versions/3.11/lib/python3.11/threading.py", line 1132, in _wait_for_tstate_lock
    if lock.acquire(block, timeout):
       ^^^^^^^^^^^^^^^^^^^^^^^^^^^^
KeyboardInterrupt
Exception ignored in: <module 'threading' from '/Library/Frameworks/Python.framework/Versions/3.11/lib/python3.11/threading.py'>
Traceback (most recent call last):
  File "/Library/Frameworks/Python.framework/Versions/3.11/lib/python3.11/threading.py", line 1553, in _shutdown
    atexit_call()
  File "/Library/Frameworks/Python.framework/Versions/3.11/lib/python3.11/concurrent/futures/thread.py", line 31, in _python_exit
    t.join()
  File "/Library/Frameworks/Python.framework/Versions/3.11/lib/python3.11/threading.py", line 1112, in join
    self._wait_for_tstate_lock()
  File "/Library/Frameworks/Python.framework/Versions/3.11/lib/python3.11/threading.py", line 1132, in _wait_for_tstate_lock
    if lock.acquire(block, timeout):
       ^^^^^^^^^^^^^^^^^^^^^^^^^^^^
KeyboardInterrupt: 
